../Core/Src/main.c:75:1:__io_putchar	16	static
../Core/Src/main.c:97:6:HAL_TIM_IC_CaptureCallback	16	static
../Core/Src/main.c:115:6:DelayUs	16	static
../Core/Src/main.c:122:6:checkPinWithTimeoutUs	16	static
../Core/Src/main.c:127:6:DHT11_Start	32	static
../Core/Src/main.c:145:9:DHT11_CheckResponse	16	static
../Core/Src/main.c:157:9:DHT11_Read	16	static
../Core/Src/main.c:171:6:SendDistData	16	static
../Core/Src/main.c:178:6:SendDHTData	24	static
../Core/Src/main.c:196:5:main	24	static
../Core/Src/main.c:281:6:SystemClock_Config	88	static
../Core/Src/main.c:328:13:MX_TIM1_Init	48	static
../Core/Src/main.c:392:13:MX_TIM2_Init	32	static
../Core/Src/main.c:437:13:MX_TIM3_Init	32	static
../Core/Src/main.c:482:13:MX_USART2_UART_Init	8	static
../Core/Src/main.c:515:13:MX_USART6_UART_Init	8	static
../Core/Src/main.c:546:13:MX_DMA_Init	16	static
../Core/Src/main.c:564:13:MX_GPIO_Init	40	static
../Core/Src/main.c:603:6:HAL_UART_RxCpltCallback	16	static
../Core/Src/main.c:644:6:Error_Handler	4	static,ignoring_inline_asm
